Warning: sta.tcl, 5 report_checks -verbose is not a known keyword or flag.
Startpoint: reset (input port clocked by MYCLK)
Endpoint: d1/_4_ (removal check against rising-edge clock MYCLK)
Path Group: **async_default**
Path Type: min

Fanout       Cap      Slew     Delay      Time   Description
------------------------------------------------------------------------------------
                   0.0000    0.0000    0.0000   clock MYCLK (rise edge)
                             3.0000    3.0000   clock network delay (ideal)
                             0.4000    3.4000 v input external delay
                   0.1000    0.0000    3.4000 v reset (in)
    4    0.0098                                 reset (net)
                   0.1000    0.0000    3.4000 v d1/_3_/A (sky130_fd_sc_hd__clkinv_1)
                   0.1045    0.1615    3.5615 ^ d1/_3_/Y (sky130_fd_sc_hd__clkinv_1)
    1    0.0030                                 d1/_1_ (net)
                   0.1045    0.0000    3.5615 ^ d1/_4_/RESET_B (sky130_fd_sc_hd__dfrtp_1)
                                       3.5615   data arrival time

                   0.0000    0.0000    0.0000   clock MYCLK (rise edge)
                             3.0000    3.0000   clock network delay (ideal)
                             0.1000    3.1000   clock uncertainty
                             0.0000    3.1000   clock reconvergence pessimism
                                       3.1000 ^ d1/_4_/CLK (sky130_fd_sc_hd__dfrtp_1)
                             1.6355    4.7355   library removal time
                                       4.7355   data required time
------------------------------------------------------------------------------------
                                       4.7355   data required time
                                      -3.5615   data arrival time
------------------------------------------------------------------------------------
                                      -1.1740   slack (VIOLATED)


Startpoint: s[1] (input port clocked by MYCLK)
Endpoint: d4/_4_ (rising edge-triggered flip-flop clocked by MYCLK)
Path Group: MYCLK
Path Type: min

Fanout       Cap      Slew     Delay      Time   Description
------------------------------------------------------------------------------------
                   0.0000    0.0000    0.0000   clock MYCLK (rise edge)
                             3.0000    3.0000   clock network delay (ideal)
                             0.1000    3.1000 ^ input external delay
                   0.1000    0.0000    3.1000 ^ s[1] (in)
    4    0.0115                                 s[1] (net)
                   0.1000    0.0000    3.1000 ^ m4/_16_/S1 (sky130_fd_sc_hd__mux4_2)
                   0.1407    0.6036    3.7036 ^ m4/_16_/X (sky130_fd_sc_hd__mux4_2)
    1    0.0017                                 w4 (net)
                   0.1407    0.0000    3.7036 ^ d4/_4_/D (sky130_fd_sc_hd__dfrtp_1)
                                       3.7036   data arrival time

                   0.0000    0.0000    0.0000   clock MYCLK (rise edge)
                             3.0000    3.0000   clock network delay (ideal)
                             0.1000    3.1000   clock uncertainty
                             0.0000    3.1000   clock reconvergence pessimism
                                       3.1000 ^ d4/_4_/CLK (sky130_fd_sc_hd__dfrtp_1)
                            -0.1541    2.9459   library hold time
                                       2.9459   data required time
------------------------------------------------------------------------------------
                                       2.9459   data required time
                                      -3.7036   data arrival time
------------------------------------------------------------------------------------
                                       0.7577   slack (MET)


Startpoint: d4/_4_ (rising edge-triggered flip-flop clocked by MYCLK)
Endpoint: q[3] (output port clocked by MYGEN_CLK)
Path Group: MYGEN_CLK
Path Type: min

Fanout       Cap      Slew     Delay      Time   Description
------------------------------------------------------------------------------------
                   0.0000    0.0000    0.0000   clock MYCLK (rise edge)
                             3.0000    3.0000   clock network delay (ideal)
                   0.0000    0.0000    3.0000 ^ d4/_4_/CLK (sky130_fd_sc_hd__dfrtp_1)
                   1.1554    2.4314    5.4314 v d4/_4_/Q (sky130_fd_sc_hd__dfrtp_1)
    3    0.1029                                 q[3] (net)
                   1.1554    0.0000    5.4314 v q[3] (out)
                                       5.4314   data arrival time

                   0.0000    0.0000    0.0000   clock MYGEN_CLK (rise edge)
                             0.0000    0.0000   clock network delay (ideal)
                             0.0000    0.0000   clock reconvergence pessimism
                            -0.1000   -0.1000   output external delay
                                      -0.1000   data required time
------------------------------------------------------------------------------------
                                      -0.1000   data required time
                                      -5.4314   data arrival time
------------------------------------------------------------------------------------
                                       5.5314   slack (MET)


Startpoint: reset (input port clocked by MYCLK)
Endpoint: d1/_4_ (recovery check against rising-edge clock MYCLK)
Path Group: **async_default**
Path Type: max

Fanout       Cap      Slew     Delay      Time   Description
------------------------------------------------------------------------------------
                   0.0000    0.0000    0.0000   clock MYCLK (rise edge)
                             3.0000    3.0000   clock network delay (ideal)
                             0.5000    3.5000 v input external delay
                   0.4000    0.0000    3.5000 v reset (in)
    4    0.0098                                 reset (net)
                   0.4000    0.0000    3.5000 v d1/_3_/A (sky130_fd_sc_hd__clkinv_1)
                   0.1170    0.3497    3.8497 ^ d1/_3_/Y (sky130_fd_sc_hd__clkinv_1)
    1    0.0030                                 d1/_1_ (net)
                   0.1170    0.0000    3.8497 ^ d1/_4_/RESET_B (sky130_fd_sc_hd__dfrtp_1)
                                       3.8497   data arrival time

                   0.0000   10.0000   10.0000   clock MYCLK (rise edge)
                             3.0000   13.0000   clock network delay (ideal)
                            -0.5000   12.5000   clock uncertainty
                             0.0000   12.5000   clock reconvergence pessimism
                                      12.5000 ^ d1/_4_/CLK (sky130_fd_sc_hd__dfrtp_1)
                             0.9914   13.4914   library recovery time
                                      13.4914   data required time
------------------------------------------------------------------------------------
                                      13.4914   data required time
                                      -3.8497   data arrival time
------------------------------------------------------------------------------------
                                       9.6416   slack (MET)


Startpoint: d2/_4_ (rising edge-triggered flip-flop clocked by MYCLK)
Endpoint: d3/_4_ (rising edge-triggered flip-flop clocked by MYCLK)
Path Group: MYCLK
Path Type: max

Fanout       Cap      Slew     Delay      Time   Description
------------------------------------------------------------------------------------
                   0.0000    0.0000    0.0000   clock MYCLK (rise edge)
                             3.0000    3.0000   clock network delay (ideal)
                   0.0000    0.0000    3.0000 ^ d2/_4_/CLK (sky130_fd_sc_hd__dfrtp_1)
                   5.7359    5.5041    8.5041 ^ d2/_4_/Q (sky130_fd_sc_hd__dfrtp_1)
    4    0.1747                                 q[1] (net)
                   5.7359    0.0000    8.5041 ^ m3/_16_/A1 (sky130_fd_sc_hd__mux4_2)
                   0.1635    3.4460   11.9502 ^ m3/_16_/X (sky130_fd_sc_hd__mux4_2)
    1    0.0017                                 w3 (net)
                   0.1635    0.0000   11.9502 ^ d3/_4_/D (sky130_fd_sc_hd__dfrtp_1)
                                      11.9502   data arrival time

                   0.0000   10.0000   10.0000   clock MYCLK (rise edge)
                             3.0000   13.0000   clock network delay (ideal)
                            -0.5000   12.5000   clock uncertainty
                             0.0000   12.5000   clock reconvergence pessimism
                                      12.5000 ^ d3/_4_/CLK (sky130_fd_sc_hd__dfrtp_1)
                            -0.3233   12.1767   library setup time
                                      12.1767   data required time
------------------------------------------------------------------------------------
                                      12.1767   data required time
                                     -11.9502   data arrival time
------------------------------------------------------------------------------------
                                       0.2265   slack (MET)


Startpoint: d2/_4_ (rising edge-triggered flip-flop clocked by MYCLK)
Endpoint: q[1] (output port clocked by MYGEN_CLK)
Path Group: MYGEN_CLK
Path Type: max

Fanout       Cap      Slew     Delay      Time   Description
------------------------------------------------------------------------------------
                   0.0000    0.0000    0.0000   clock MYCLK (rise edge)
                             3.0000    3.0000   clock network delay (ideal)
                   0.0000    0.0000    3.0000 ^ d2/_4_/CLK (sky130_fd_sc_hd__dfrtp_1)
                   5.7359    5.5041    8.5041 ^ d2/_4_/Q (sky130_fd_sc_hd__dfrtp_1)
    4    0.1747                                 q[1] (net)
                   5.7359    0.0000    8.5041 ^ q[1] (out)
                                       8.5041   data arrival time

                   0.0000   10.0000   10.0000   clock MYGEN_CLK (rise edge)
                             0.0000   10.0000   clock network delay (ideal)
                             0.0000   10.0000   clock reconvergence pessimism
                            -0.4000    9.6000   output external delay
                                       9.6000   data required time
------------------------------------------------------------------------------------
                                       9.6000   data required time
                                      -8.5041   data arrival time
------------------------------------------------------------------------------------
                                       1.0959   slack (MET)


