Warning: sta.tcl, 5 report_checks -verbose is not a known keyword or flag.
Startpoint: reset (input port clocked by MYCLK)
Endpoint: d1/_4_ (removal check against rising-edge clock MYCLK)
Path Group: **async_default**
Path Type: min

Fanout       Cap      Slew     Delay      Time   Description
------------------------------------------------------------------------------------
                   0.0000    0.0000    0.0000   clock MYCLK (rise edge)
                             3.0000    3.0000   clock network delay (ideal)
                             0.4000    3.4000 v input external delay
                   0.1000    0.0000    3.4000 v reset (in)
    4    0.0117                                 reset (net)
                   0.1000    0.0000    3.4000 v d1/_3_/A (sky130_fd_sc_hd__clkinv_1)
                   0.0484    0.0824    3.4824 ^ d1/_3_/Y (sky130_fd_sc_hd__clkinv_1)
    1    0.0033                                 d1/_1_ (net)
                   0.0484    0.0000    3.4824 ^ d1/_4_/RESET_B (sky130_fd_sc_hd__dfrtp_1)
                                       3.4824   data arrival time

                   0.0000    0.0000    0.0000   clock MYCLK (rise edge)
                             3.0000    3.0000   clock network delay (ideal)
                             0.1000    3.1000   clock uncertainty
                             0.0000    3.1000   clock reconvergence pessimism
                                       3.1000 ^ d1/_4_/CLK (sky130_fd_sc_hd__dfrtp_1)
                             0.6297    3.7297   library removal time
                                       3.7297   data required time
------------------------------------------------------------------------------------
                                       3.7297   data required time
                                      -3.4824   data arrival time
------------------------------------------------------------------------------------
                                      -0.2473   slack (VIOLATED)


Startpoint: s[1] (input port clocked by MYCLK)
Endpoint: d1/_4_ (rising edge-triggered flip-flop clocked by MYCLK)
Path Group: MYCLK
Path Type: min

Fanout       Cap      Slew     Delay      Time   Description
------------------------------------------------------------------------------------
                   0.0000    0.0000    0.0000   clock MYCLK (rise edge)
                             3.0000    3.0000   clock network delay (ideal)
                             0.1000    3.1000 ^ input external delay
                   0.1000    0.0000    3.1000 ^ s[1] (in)
    4    0.0127                                 s[1] (net)
                   0.1000    0.0000    3.1000 ^ m1/_16_/S1 (sky130_fd_sc_hd__mux4_2)
                   0.0832    0.3381    3.4381 ^ m1/_16_/X (sky130_fd_sc_hd__mux4_2)
    1    0.0019                                 w1 (net)
                   0.0832    0.0000    3.4381 ^ d1/_4_/D (sky130_fd_sc_hd__dfrtp_1)
                                       3.4381   data arrival time

                   0.0000    0.0000    0.0000   clock MYCLK (rise edge)
                             3.0000    3.0000   clock network delay (ideal)
                             0.1000    3.1000   clock uncertainty
                             0.0000    3.1000   clock reconvergence pessimism
                                       3.1000 ^ d1/_4_/CLK (sky130_fd_sc_hd__dfrtp_1)
                            -0.0914    3.0086   library hold time
                                       3.0086   data required time
------------------------------------------------------------------------------------
                                       3.0086   data required time
                                      -3.4381   data arrival time
------------------------------------------------------------------------------------
                                       0.4295   slack (MET)


Startpoint: d4/_4_ (rising edge-triggered flip-flop clocked by MYCLK)
Endpoint: q[3] (output port clocked by MYGEN_CLK)
Path Group: MYGEN_CLK
Path Type: min

Fanout       Cap      Slew     Delay      Time   Description
------------------------------------------------------------------------------------
                   0.0000    0.0000    0.0000   clock MYCLK (rise edge)
                             3.0000    3.0000   clock network delay (ideal)
                   0.0000    0.0000    3.0000 ^ d4/_4_/CLK (sky130_fd_sc_hd__dfrtp_1)
                   0.9432    1.4060    4.4060 v d4/_4_/Q (sky130_fd_sc_hd__dfrtp_1)
    3    0.1033                                 q[3] (net)
                   0.9432    0.0000    4.4060 v q[3] (out)
                                       4.4060   data arrival time

                   0.0000    0.0000    0.0000   clock MYGEN_CLK (rise edge)
                             0.0000    0.0000   clock network delay (ideal)
                             0.0000    0.0000   clock reconvergence pessimism
                            -0.1000   -0.1000   output external delay
                                      -0.1000   data required time
------------------------------------------------------------------------------------
                                      -0.1000   data required time
                                      -4.4060   data arrival time
------------------------------------------------------------------------------------
                                       4.5060   slack (MET)


Startpoint: reset (input port clocked by MYCLK)
Endpoint: d1/_4_ (recovery check against rising-edge clock MYCLK)
Path Group: **async_default**
Path Type: max

Fanout       Cap      Slew     Delay      Time   Description
------------------------------------------------------------------------------------
                   0.0000    0.0000    0.0000   clock MYCLK (rise edge)
                             3.0000    3.0000   clock network delay (ideal)
                             0.5000    3.5000 v input external delay
                   0.4000    0.0000    3.5000 v reset (in)
    4    0.0117                                 reset (net)
                   0.4000    0.0000    3.5000 v d1/_3_/A (sky130_fd_sc_hd__clkinv_1)
                   0.1067    0.1632    3.6632 ^ d1/_3_/Y (sky130_fd_sc_hd__clkinv_1)
    1    0.0033                                 d1/_1_ (net)
                   0.1067    0.0000    3.6632 ^ d1/_4_/RESET_B (sky130_fd_sc_hd__dfrtp_1)
                                       3.6632   data arrival time

                   0.0000   10.0000   10.0000   clock MYCLK (rise edge)
                             3.0000   13.0000   clock network delay (ideal)
                            -0.5000   12.5000   clock uncertainty
                             0.0000   12.5000   clock reconvergence pessimism
                                      12.5000 ^ d1/_4_/CLK (sky130_fd_sc_hd__dfrtp_1)
                             0.4256   12.9256   library recovery time
                                      12.9256   data required time
------------------------------------------------------------------------------------
                                      12.9256   data required time
                                      -3.6632   data arrival time
------------------------------------------------------------------------------------
                                       9.2624   slack (MET)


Startpoint: d2/_4_ (rising edge-triggered flip-flop clocked by MYCLK)
Endpoint: d2/_4_ (rising edge-triggered flip-flop clocked by MYCLK)
Path Group: MYCLK
Path Type: max

Fanout       Cap      Slew     Delay      Time   Description
------------------------------------------------------------------------------------
                   0.0000    0.0000    0.0000   clock MYCLK (rise edge)
                             3.0000    3.0000   clock network delay (ideal)
                   0.0000    0.0000    3.0000 ^ d2/_4_/CLK (sky130_fd_sc_hd__dfrtp_1)
                   1.5791    1.8745    4.8745 v d2/_4_/Q (sky130_fd_sc_hd__dfrtp_1)
    4    0.1750                                 q[1] (net)
                   1.5791    0.0000    4.8745 v m2/_16_/A0 (sky130_fd_sc_hd__mux4_2)
                   0.1383    1.5262    6.4006 v m2/_16_/X (sky130_fd_sc_hd__mux4_2)
    1    0.0018                                 w2 (net)
                   0.1383    0.0000    6.4006 v d2/_4_/D (sky130_fd_sc_hd__dfrtp_1)
                                       6.4006   data arrival time

                   0.0000   10.0000   10.0000   clock MYCLK (rise edge)
                             3.0000   13.0000   clock network delay (ideal)
                            -0.5000   12.5000   clock uncertainty
                             0.0000   12.5000   clock reconvergence pessimism
                                      12.5000 ^ d2/_4_/CLK (sky130_fd_sc_hd__dfrtp_1)
                            -0.3237   12.1763   library setup time
                                      12.1763   data required time
------------------------------------------------------------------------------------
                                      12.1763   data required time
                                      -6.4006   data arrival time
------------------------------------------------------------------------------------
                                       5.7756   slack (MET)


Startpoint: d2/_4_ (rising edge-triggered flip-flop clocked by MYCLK)
Endpoint: q[1] (output port clocked by MYGEN_CLK)
Path Group: MYGEN_CLK
Path Type: max

Fanout       Cap      Slew     Delay      Time   Description
------------------------------------------------------------------------------------
                   0.0000    0.0000    0.0000   clock MYCLK (rise edge)
                             3.0000    3.0000   clock network delay (ideal)
                   0.0000    0.0000    3.0000 ^ d2/_4_/CLK (sky130_fd_sc_hd__dfrtp_1)
                   2.3438    2.2409    5.2409 ^ d2/_4_/Q (sky130_fd_sc_hd__dfrtp_1)
    4    0.1754                                 q[1] (net)
                   2.3438    0.0000    5.2409 ^ q[1] (out)
                                       5.2409   data arrival time

                   0.0000   10.0000   10.0000   clock MYGEN_CLK (rise edge)
                             0.0000   10.0000   clock network delay (ideal)
                             0.0000   10.0000   clock reconvergence pessimism
                            -0.4000    9.6000   output external delay
                                       9.6000   data required time
------------------------------------------------------------------------------------
                                       9.6000   data required time
                                      -5.2409   data arrival time
------------------------------------------------------------------------------------
                                       4.3591   slack (MET)


